Archive member included to satisfy reference by file (symbol)

/home/sebokb/STM32Toolchain/gnu-arm/bin/../lib/gcc/arm-none-eabi/6.2.1/../../../../arm-none-eabi/lib/thumb/v7e-m/libg_nano.a(lib_a-errno.o)
                              ./system/src/newlib/_sbrk.o (__errno)
/home/sebokb/STM32Toolchain/gnu-arm/bin/../lib/gcc/arm-none-eabi/6.2.1/../../../../arm-none-eabi/lib/thumb/v7e-m/libg_nano.a(lib_a-impure.o)
                              /home/sebokb/STM32Toolchain/gnu-arm/bin/../lib/gcc/arm-none-eabi/6.2.1/../../../../arm-none-eabi/lib/thumb/v7e-m/libg_nano.a(lib_a-errno.o) (_impure_ptr)
/home/sebokb/STM32Toolchain/gnu-arm/bin/../lib/gcc/arm-none-eabi/6.2.1/../../../../arm-none-eabi/lib/thumb/v7e-m/libg_nano.a(lib_a-strlen.o)
                              ./system/src/diag/Trace.o (strlen)
/home/sebokb/STM32Toolchain/gnu-arm/bin/../lib/gcc/arm-none-eabi/6.2.1/../../../../arm-none-eabi/lib/thumb/v7e-m/libg_nano.a(lib_a-vsnprintf.o)
                              ./system/src/diag/Trace.o (vsnprintf)
/home/sebokb/STM32Toolchain/gnu-arm/bin/../lib/gcc/arm-none-eabi/6.2.1/../../../../arm-none-eabi/lib/thumb/v7e-m/libg_nano.a(lib_a-nano-svfprintf.o)
                              /home/sebokb/STM32Toolchain/gnu-arm/bin/../lib/gcc/arm-none-eabi/6.2.1/../../../../arm-none-eabi/lib/thumb/v7e-m/libg_nano.a(lib_a-vsnprintf.o) (_svfprintf_r)
/home/sebokb/STM32Toolchain/gnu-arm/bin/../lib/gcc/arm-none-eabi/6.2.1/../../../../arm-none-eabi/lib/thumb/v7e-m/libg_nano.a(lib_a-nano-vfprintf_i.o)
                              /home/sebokb/STM32Toolchain/gnu-arm/bin/../lib/gcc/arm-none-eabi/6.2.1/../../../../arm-none-eabi/lib/thumb/v7e-m/libg_nano.a(lib_a-nano-svfprintf.o) (_printf_i)
/home/sebokb/STM32Toolchain/gnu-arm/bin/../lib/gcc/arm-none-eabi/6.2.1/../../../../arm-none-eabi/lib/thumb/v7e-m/libg_nano.a(lib_a-memchr.o)
                              /home/sebokb/STM32Toolchain/gnu-arm/bin/../lib/gcc/arm-none-eabi/6.2.1/../../../../arm-none-eabi/lib/thumb/v7e-m/libg_nano.a(lib_a-nano-svfprintf.o) (memchr)
/home/sebokb/STM32Toolchain/gnu-arm/bin/../lib/gcc/arm-none-eabi/6.2.1/../../../../arm-none-eabi/lib/thumb/v7e-m/libg_nano.a(lib_a-memcpy-stub.o)
                              /home/sebokb/STM32Toolchain/gnu-arm/bin/../lib/gcc/arm-none-eabi/6.2.1/../../../../arm-none-eabi/lib/thumb/v7e-m/libg_nano.a(lib_a-nano-svfprintf.o) (memcpy)
/home/sebokb/STM32Toolchain/gnu-arm/bin/../lib/gcc/arm-none-eabi/6.2.1/../../../../arm-none-eabi/lib/thumb/v7e-m/libg_nano.a(lib_a-memmove.o)
                              /home/sebokb/STM32Toolchain/gnu-arm/bin/../lib/gcc/arm-none-eabi/6.2.1/../../../../arm-none-eabi/lib/thumb/v7e-m/libg_nano.a(lib_a-nano-svfprintf.o) (memmove)
/home/sebokb/STM32Toolchain/gnu-arm/bin/../lib/gcc/arm-none-eabi/6.2.1/../../../../arm-none-eabi/lib/thumb/v7e-m/libg_nano.a(lib_a-nano-freer.o)
                              /home/sebokb/STM32Toolchain/gnu-arm/bin/../lib/gcc/arm-none-eabi/6.2.1/../../../../arm-none-eabi/lib/thumb/v7e-m/libg_nano.a(lib_a-nano-svfprintf.o) (_free_r)
/home/sebokb/STM32Toolchain/gnu-arm/bin/../lib/gcc/arm-none-eabi/6.2.1/../../../../arm-none-eabi/lib/thumb/v7e-m/libg_nano.a(lib_a-nano-mallocr.o)
                              /home/sebokb/STM32Toolchain/gnu-arm/bin/../lib/gcc/arm-none-eabi/6.2.1/../../../../arm-none-eabi/lib/thumb/v7e-m/libg_nano.a(lib_a-nano-svfprintf.o) (_malloc_r)
/home/sebokb/STM32Toolchain/gnu-arm/bin/../lib/gcc/arm-none-eabi/6.2.1/../../../../arm-none-eabi/lib/thumb/v7e-m/libg_nano.a(lib_a-nano-reallocr.o)
                              /home/sebokb/STM32Toolchain/gnu-arm/bin/../lib/gcc/arm-none-eabi/6.2.1/../../../../arm-none-eabi/lib/thumb/v7e-m/libg_nano.a(lib_a-nano-svfprintf.o) (_realloc_r)
/home/sebokb/STM32Toolchain/gnu-arm/bin/../lib/gcc/arm-none-eabi/6.2.1/../../../../arm-none-eabi/lib/thumb/v7e-m/libg_nano.a(lib_a-sbrkr.o)
                              /home/sebokb/STM32Toolchain/gnu-arm/bin/../lib/gcc/arm-none-eabi/6.2.1/../../../../arm-none-eabi/lib/thumb/v7e-m/libg_nano.a(lib_a-nano-mallocr.o) (_sbrk_r)
/home/sebokb/STM32Toolchain/gnu-arm/bin/../lib/gcc/arm-none-eabi/6.2.1/../../../../arm-none-eabi/lib/thumb/v7e-m/libg_nano.a(lib_a-mlock.o)
                              /home/sebokb/STM32Toolchain/gnu-arm/bin/../lib/gcc/arm-none-eabi/6.2.1/../../../../arm-none-eabi/lib/thumb/v7e-m/libg_nano.a(lib_a-nano-freer.o) (__malloc_lock)
/home/sebokb/STM32Toolchain/gnu-arm/bin/../lib/gcc/arm-none-eabi/6.2.1/../../../../arm-none-eabi/lib/thumb/v7e-m/libg_nano.a(lib_a-nano-msizer.o)
                              /home/sebokb/STM32Toolchain/gnu-arm/bin/../lib/gcc/arm-none-eabi/6.2.1/../../../../arm-none-eabi/lib/thumb/v7e-m/libg_nano.a(lib_a-nano-reallocr.o) (_malloc_usable_size_r)

Allocating common symbols
Common symbol       size              file

errno               0x4               ./system/src/newlib/_syscalls.o
uwTick              0x4               ./system/src/stm32f4-hal/stm32f4xx_hal.o
[...]
Memory Configuration

Name             Origin             Length             Attributes
RAM              0x0000000020000000 0x0000000000020000 xrw
CCMRAM           0x0000000010000000 0x0000000000010000 xrw
FLASH            0x0000000008000000 0x0000000000080000 xr
FLASHB1          0x0000000000000000 0x0000000000000000 xr
EXTMEMB0         0x0000000000000000 0x0000000000000000 xr
EXTMEMB1         0x0000000000000000 0x0000000000000000 xr
EXTMEMB2         0x0000000000000000 0x0000000000000000 xr
EXTMEMB3         0x0000000000000000 0x0000000000000000 xr
MEMORY_ARRAY     0x0000000020002000 0x0000000000000020 xrw
*default*        0x0000000000000000 0xffffffffffffffff

Linker script and memory map

LOAD ./system/src/stm32f4-hal/stm32f4xx_hal.o
LOAD ./system/src/stm32f4-hal/stm32f4xx_hal_cortex.o
LOAD ./system/src/stm32f4-hal/stm32f4xx_hal_dfsdm.o
LOAD ./system/src/stm32f4-hal/stm32f4xx_hal_flash.o
LOAD ./system/src/stm32f4-hal/stm32f4xx_hal_gpio.o
LOAD ./system/src/stm32f4-hal/stm32f4xx_hal_iwdg.o
LOAD ./system/src/stm32f4-hal/stm32f4xx_hal_pwr.o
LOAD ./system/src/stm32f4-hal/stm32f4xx_hal_rcc.o
LOAD ./system/src/newlib/_cxx.o
LOAD ./system/src/newlib/_exit.o
LOAD ./system/src/newlib/_sbrk.o
LOAD ./system/src/newlib/_startup.o
LOAD ./system/src/newlib/_syscalls.o
LOAD ./system/src/newlib/assert.o
LOAD ./system/src/diag/Trace.o
LOAD ./system/src/diag/trace_impl.o
LOAD ./system/src/cortexm/_initialize_hardware.o
LOAD ./system/src/cortexm/_reset_hardware.o
LOAD ./system/src/cortexm/exception_handlers.o
LOAD ./system/src/cmsis/vectors_stm32f411xe.o
LOAD ./src/_initialize_hardware.o
LOAD ./src/_write.o
LOAD ./src/main.o
LOAD ./src/stm32f4xx_hal_msp.o
LOAD ./src/stm32f4xx_it.o
LOAD ./src/system_stm32f4xx.o
LOAD /home/sebokb/STM32Toolchain/gnu-arm/bin/../lib/gcc/arm-none-eabi/6.2.1/../../../../arm-none-eabi/lib/thumb/v7e-m/libstdc++_nano.a
LOAD /home/sebokb/STM32Toolchain/gnu-arm/bin/../lib/gcc/arm-none-eabi/6.2.1/../../../../arm-none-eabi/lib/thumb/v7e-m/libm.a
START GROUP
LOAD /home/sebokb/STM32Toolchain/gnu-arm/bin/../lib/gcc/arm-none-eabi/6.2.1/thumb/v7e-m/libgcc.a
LOAD /home/sebokb/STM32Toolchain/gnu-arm/bin/../lib/gcc/arm-none-eabi/6.2.1/../../../../arm-none-eabi/lib/thumb/v7e-m/libg_nano.a
LOAD /home/sebokb/STM32Toolchain/gnu-arm/bin/../lib/gcc/arm-none-eabi/6.2.1/../../../../arm-none-eabi/lib/thumb/v7e-m/libc_nano.a
END GROUP
START GROUP
LOAD /home/sebokb/STM32Toolchain/gnu-arm/bin/../lib/gcc/arm-none-eabi/6.2.1/thumb/v7e-m/libgcc.a
LOAD /home/sebokb/STM32Toolchain/gnu-arm/bin/../lib/gcc/arm-none-eabi/6.2.1/../../../../arm-none-eabi/lib/thumb/v7e-m/libc_nano.a
END GROUP
                0x0000000020020000                __stack = (ORIGIN (RAM) + LENGTH (RAM))
                0x0000000020020000                _estack = __stack
                0x0000000000000400                __Main_Stack_Size = 0x400
                [!provide]                        PROVIDE (_Main_Stack_Size, __Main_Stack_Size)
                0x000000002001fc00                __Main_Stack_Limit = (__stack - __Main_Stack_Size)
                [!provide]                        PROVIDE (_Main_Stack_Limit, __Main_Stack_Limit)
                0x0000000000000100                _Minimum_Stack_Size = 0x100
                0x0000000020000118                PROVIDE (_Heap_Begin, _end_noinit)
                0x000000002001fc00                PROVIDE (_Heap_Limit, (__stack - __Main_Stack_Size))

.isr_vector     0x0000000008000000      0x3f8
 FILL mask 0xff
                0x0000000008000000                __vectors_start = ABSOLUTE (.)
                0x0000000008000000                __vectors_start__ = ABSOLUTE (.)
 *(.isr_vector)
 .isr_vector    0x0000000008000000      0x198 ./system/src/cmsis/vectors_stm32f411xe.o
                0x0000000008000000                __isr_vectors
 *(.cfmconfig)
 *(.after_vectors .after_vectors.*)
 .after_vectors
                0x0000000008000198      0x130 ./system/src/newlib/_startup.o
                0x0000000008000198                _start
 .after_vectors
                0x00000000080002c8      0x12c ./system/src/cortexm/exception_handlers.o
                0x00000000080002c8                Reset_Handler
                0x00000000080002ce                NMI_Handler
                0x00000000080002d2                HardFault_Handler
                0x00000000080002e6                HardFault_Handler_C
                0x0000000008000344                MemManage_Handler
                0x0000000008000348                BusFault_Handler
                0x000000000800035c                BusFault_Handler_C
                0x0000000008000390                UsageFault_Handler
                0x00000000080003a4                UsageFault_Handler_C
                0x00000000080003dc                DebugMon_Handler
 .after_vectors
                0x00000000080003f4        0x4 ./system/src/cmsis/vectors_stm32f411xe.o
                0x00000000080003f4                RTC_Alarm_IRQHandler
                0x00000000080003f4                EXTI2_IRQHandler
                0x00000000080003f4                SPI4_IRQHandler
                0x00000000080003f4                TIM1_CC_IRQHandler
                0x00000000080003f4                DMA2_Stream5_IRQHandler
                0x00000000080003f4                DMA1_Stream5_IRQHandler
                0x00000000080003f4                PVD_IRQHandler
                0x00000000080003f4                SDIO_IRQHandler
                0x00000000080003f4                TAMP_STAMP_IRQHandler
                0x00000000080003f4                EXTI3_IRQHandler
                0x00000000080003f4                TIM1_UP_TIM10_IRQHandler
                0x00000000080003f4                I2C3_ER_IRQHandler
                0x00000000080003f4                EXTI0_IRQHandler
                0x00000000080003f4                I2C2_EV_IRQHandler
                0x00000000080003f4                DMA1_Stream2_IRQHandler
                0x00000000080003f4                FPU_IRQHandler
                0x00000000080003f4                DMA2_Stream2_IRQHandler
                0x00000000080003f4                SPI1_IRQHandler
                0x00000000080003f4                TIM1_BRK_TIM9_IRQHandler
                0x00000000080003f4                DMA2_Stream3_IRQHandler
                0x00000000080003f4                USART6_IRQHandler
                0x00000000080003f4                DMA2_Stream0_IRQHandler
                0x00000000080003f4                TIM4_IRQHandler
                0x00000000080003f4                I2C1_EV_IRQHandler
                0x00000000080003f4                DMA1_Stream6_IRQHandler
                0x00000000080003f4                DMA1_Stream1_IRQHandler
                0x00000000080003f4                TIM3_IRQHandler
                0x00000000080003f4                RCC_IRQHandler
                0x00000000080003f4                Default_Handler
                0x00000000080003f4                EXTI15_10_IRQHandler
                0x00000000080003f4                ADC_IRQHandler
                0x00000000080003f4                DMA1_Stream7_IRQHandler
                0x00000000080003f4                SPI5_IRQHandler
                0x00000000080003f4                TIM5_IRQHandler
                0x00000000080003f4                DMA2_Stream7_IRQHandler
                0x00000000080003f4                I2C3_EV_IRQHandler
                0x00000000080003f4                EXTI9_5_IRQHandler
                0x00000000080003f4                RTC_WKUP_IRQHandler
                0x00000000080003f4                SPI2_IRQHandler
                0x00000000080003f4                DMA1_Stream0_IRQHandler
                0x00000000080003f4                EXTI4_IRQHandler
                0x00000000080003f4                WWDG_IRQHandler
                0x00000000080003f4                TIM2_IRQHandler
                0x00000000080003f4                OTG_FS_WKUP_IRQHandler
                0x00000000080003f4                TIM1_TRG_COM_TIM11_IRQHandler
                0x00000000080003f4                EXTI1_IRQHandler
                0x00000000080003f4                USART2_IRQHandler
                0x00000000080003f4                I2C2_ER_IRQHandler
                0x00000000080003f4                DMA2_Stream1_IRQHandler
                0x00000000080003f4                FLASH_IRQHandler
                0x00000000080003f4                DMA2_Stream4_IRQHandler
                0x00000000080003f4                USART1_IRQHandler
                0x00000000080003f4                OTG_FS_IRQHandler
                0x00000000080003f4                SPI3_IRQHandler
                0x00000000080003f4                DMA1_Stream4_IRQHandler
                0x00000000080003f4                I2C1_ER_IRQHandler
                0x00000000080003f4                DMA2_Stream6_IRQHandler
                0x00000000080003f4                DMA1_Stream3_IRQHandler

.inits          0x00000000080003f8       0x28
                0x00000000080003f8                __data_regions_array_start = .
                0x00000000080003f8        0x4 LONG 0x8002144 LOADADDR (.data)
                0x00000000080003fc        0x4 LONG 0x20000000 ADDR (.data)
                0x0000000008000400        0x4 LONG 0x20000078 (ADDR (.data) + SIZEOF (.data))
                0x0000000008000404        0x4 LONG 0x8002144 LOADADDR (.data_CCMRAM)
                0x0000000008000408        0x4 LONG 0x10000000 ADDR (.data_CCMRAM)
                0x000000000800040c        0x4 LONG 0x10000000 (ADDR (.data_CCMRAM) + SIZEOF (.data_CCMRAM))
                0x0000000008000410                __data_regions_array_end = .
                0x0000000008000410                __bss_regions_array_start = .
                0x0000000008000410        0x4 LONG 0x20000078 ADDR (.bss)
                0x0000000008000414        0x4 LONG 0x20000118 (ADDR (.bss) + SIZEOF (.bss))
                0x0000000008000418        0x4 LONG 0x10000000 ADDR (.bss_CCMRAM)
                0x000000000800041c        0x4 LONG 0x10000000 (ADDR (.bss_CCMRAM) + SIZEOF (.bss_CCMRAM))
                0x0000000008000420                __bss_regions_array_end = .
 *(.init)
 *(.fini)
                0x0000000008000420                . = ALIGN (0x4)
                0x0000000008000420                PROVIDE (__preinit_array_start, .)
 *(.preinit_array_sysinit .preinit_array_sysinit.*)
 *(.preinit_array_platform .preinit_array_platform.*)
 *(.preinit_array .preinit_array.*)
                0x0000000008000420                PROVIDE (__preinit_array_end, .)
                0x0000000008000420                . = ALIGN (0x4)
                0x0000000008000420                PROVIDE (__init_array_start, .)
 *(SORT(.init_array.*))
 *(.init_array)
                0x0000000008000420                PROVIDE (__init_array_end, .)
                0x0000000008000420                . = ALIGN (0x4)
                0x0000000008000420                PROVIDE (__fini_array_start, .)
 *(SORT(.fini_array.*))
 *(.fini_array)
                0x0000000008000420                PROVIDE (__fini_array_end, .)

.flashtext
 *(.flashtext .flashtext.*)

.text           0x0000000008000420     0x1d23
 *(.text .text.*)
 .text.HAL_InitTick
                0x0000000008000420       0x2c ./system/src/stm32f4-hal/stm32f4xx_hal.o
                0x0000000008000420                HAL_InitTick
 .text.HAL_Init
                0x000000000800044c       0x34 ./system/src/stm32f4-hal/stm32f4xx_hal.o
                0x000000000800044c                HAL_Init
 .text.HAL_IncTick
                0x0000000008000480       0x10 ./system/src/stm32f4-hal/stm32f4xx_hal.o
                0x0000000008000480                HAL_IncTick
 .text.HAL_GetTick
                0x0000000008000490        0xc ./system/src/stm32f4-hal/stm32f4xx_hal.o
                0x0000000008000490                HAL_GetTick
 .text.HAL_NVIC_SetPriorityGrouping
                0x000000000800049c       0x3c ./system/src/stm32f4-hal/stm32f4xx_hal_cortex.o
                0x000000000800049c                HAL_NVIC_SetPriorityGrouping
 .text.HAL_NVIC_SetPriority
                0x00000000080004d8       0x88 ./system/src/stm32f4-hal/stm32f4xx_hal_cortex.o
                0x00000000080004d8                HAL_NVIC_SetPriority
 .text.HAL_SYSTICK_Config
                0x0000000008000560       0x2c ./system/src/stm32f4-hal/stm32f4xx_hal_cortex.o
                0x0000000008000560                HAL_SYSTICK_Config
 .text.HAL_SYSTICK_CLKSourceConfig
                0x000000000800058c       0x3c ./system/src/stm32f4-hal/stm32f4xx_hal_cortex.o
                0x000000000800058c                HAL_SYSTICK_CLKSourceConfig
 .text.HAL_SYSTICK_Callback
                0x00000000080005c8        0x2 ./system/src/stm32f4-hal/stm32f4xx_hal_cortex.o
                0x00000000080005c8                HAL_SYSTICK_Callback
 .text.HAL_SYSTICK_IRQHandler
                0x00000000080005ca        0x8 ./system/src/stm32f4-hal/stm32f4xx_hal_cortex.o
                0x00000000080005ca                HAL_SYSTICK_IRQHandler
 *fill*         0x00000000080005d2        0x2 
 .text.HAL_GPIO_Init
                0x00000000080005d4      0x2b0 ./system/src/stm32f4-hal/stm32f4xx_hal_gpio.o
                0x00000000080005d4                HAL_GPIO_Init
 .text.HAL_GPIO_ReadPin
                0x0000000008000884       0x28 ./system/src/stm32f4-hal/stm32f4xx_hal_gpio.o
                0x0000000008000884                HAL_GPIO_ReadPin
 .text.HAL_GPIO_WritePin
                0x00000000080008ac       0x34 ./system/src/stm32f4-hal/stm32f4xx_hal_gpio.o
                0x00000000080008ac                HAL_GPIO_WritePin
 .text.HAL_RCC_OscConfig
                0x00000000080008e0      0x42c ./system/src/stm32f4-hal/stm32f4xx_hal_rcc.o
                0x00000000080008e0                HAL_RCC_OscConfig
 .text.HAL_RCC_GetSysClockFreq
                0x0000000008000d0c       0x94 ./system/src/stm32f4-hal/stm32f4xx_hal_rcc.o
                0x0000000008000d0c                HAL_RCC_GetSysClockFreq
 .text.HAL_RCC_ClockConfig
                0x0000000008000da0      0x250 ./system/src/stm32f4-hal/stm32f4xx_hal_rcc.o
                0x0000000008000da0                HAL_RCC_ClockConfig
 .text.HAL_RCC_GetHCLKFreq
                0x0000000008000ff0        0xc ./system/src/stm32f4-hal/stm32f4xx_hal_rcc.o
                0x0000000008000ff0                HAL_RCC_GetHCLKFreq
 .text._exit    0x0000000008000ffc        0x2 ./system/src/newlib/_exit.o
                0x0000000008000ffc                _exit
 *fill*         0x0000000008000ffe        0x2 
 .text._sbrk    0x0000000008001000       0x44 ./system/src/newlib/_sbrk.o
                0x0000000008001000                _sbrk
 .text.__initialize_args
                0x0000000008001044       0x10 ./system/src/newlib/_syscalls.o
                0x0000000008001044                __initialize_args
 .text.trace_printf
                0x0000000008001054       0x30 ./system/src/diag/Trace.o
                0x0000000008001054                trace_printf
 .text.trace_puts
                0x0000000008001084       0x20 ./system/src/diag/Trace.o
                0x0000000008001084                trace_puts
 .text._trace_write_semihosting_debug
                0x00000000080010a4       0x60 ./system/src/diag/trace_impl.o
 .text.trace_write
                0x0000000008001104        0x8 ./system/src/diag/trace_impl.o
                0x0000000008001104                trace_write
 .text.__initialize_hardware_early
                0x000000000800110c       0x18 ./system/src/cortexm/_initialize_hardware.o
                0x000000000800110c                __initialize_hardware_early
 .text.dumpExceptionStack
                0x0000000008001124       0xf4 ./system/src/cortexm/exception_handlers.o
                0x0000000008001124                dumpExceptionStack
 .text.isSemihosting
                0x0000000008001218       0x20 ./system/src/cortexm/exception_handlers.o
                0x0000000008001218                isSemihosting
 .text.__initialize_hardware
                0x0000000008001238       0x10 ./src/_initialize_hardware.o
                0x0000000008001238                __initialize_hardware
 .text.MX_GPIO_Init
                0x0000000008001248       0xb4 ./src/main.o
 .text.Error_Handler
                0x00000000080012fc        0x2 ./src/main.o
                0x00000000080012fc                Error_Handler
 *fill*         0x00000000080012fe        0x2 
 .text.SystemClock_Config
                0x0000000008001300       0x9c ./src/main.o
                0x0000000008001300                SystemClock_Config
 .text.main     0x000000000800139c       0x78 ./src/main.o
                0x000000000800139c                main
 .text.assert_failed
                0x0000000008001414        0x2 ./src/main.o
                0x0000000008001414                assert_failed
 .text.HAL_MspInit
                0x0000000008001416       0x5e ./src/stm32f4xx_hal_msp.o
                0x0000000008001416                HAL_MspInit
 .text.SVC_Handler
                0x0000000008001474        0x2 ./src/stm32f4xx_it.o
                0x0000000008001474                SVC_Handler
 .text.PendSV_Handler
                0x0000000008001476        0x2 ./src/stm32f4xx_it.o
                0x0000000008001476                PendSV_Handler
 .text.SysTick_Handler
                0x0000000008001478        0xc ./src/stm32f4xx_it.o
                0x0000000008001478                SysTick_Handler
 .text.SystemInit
                0x0000000008001484       0x40 ./src/system_stm32f4xx.o
                0x0000000008001484                SystemInit
 .text.SystemCoreClockUpdate
                0x00000000080014c4       0xa0 ./src/system_stm32f4xx.o
                0x00000000080014c4                SystemCoreClockUpdate
 .text.__errno  0x0000000008001564        0xc /home/sebokb/STM32Toolchain/gnu-arm/bin/../lib/gcc/arm-none-eabi/6.2.1/../../../../arm-none-eabi/lib/thumb/v7e-m/libg_nano.a(lib_a-errno.o)
                0x0000000008001564                __errno
 .text          0x0000000008001570       0x10 /home/sebokb/STM32Toolchain/gnu-arm/bin/../lib/gcc/arm-none-eabi/6.2.1/../../../../arm-none-eabi/lib/thumb/v7e-m/libg_nano.a(lib_a-strlen.o)
                0x0000000008001570                strlen
 .text._vsnprintf_r
                0x0000000008001580       0x58 /home/sebokb/STM32Toolchain/gnu-arm/bin/../lib/gcc/arm-none-eabi/6.2.1/../../../../arm-none-eabi/lib/thumb/v7e-m/libg_nano.a(lib_a-vsnprintf.o)
                0x0000000008001580                _vsnprintf_r
                0x0000000008001580                _vsniprintf_r
 .text.vsnprintf
                0x00000000080015d8       0x1c /home/sebokb/STM32Toolchain/gnu-arm/bin/../lib/gcc/arm-none-eabi/6.2.1/../../../../arm-none-eabi/lib/thumb/v7e-m/libg_nano.a(lib_a-vsnprintf.o)
                0x00000000080015d8                vsnprintf
                0x00000000080015d8                vsniprintf
 .text.__ssputs_r
                0x00000000080015f4       0xb6 /home/sebokb/STM32Toolchain/gnu-arm/bin/../lib/gcc/arm-none-eabi/6.2.1/../../../../arm-none-eabi/lib/thumb/v7e-m/libg_nano.a(lib_a-nano-svfprintf.o)
                0x00000000080015f4                __ssputs_r
 *fill*         0x00000000080016aa        0x2 
 .text._svfprintf_r
                0x00000000080016ac      0x1e8 /home/sebokb/STM32Toolchain/gnu-arm/bin/../lib/gcc/arm-none-eabi/6.2.1/../../../../arm-none-eabi/lib/thumb/v7e-m/libg_nano.a(lib_a-nano-svfprintf.o)
                0x00000000080016ac                _svfprintf_r
                0x00000000080016ac                _svfiprintf_r
 .text._printf_common
                0x0000000008001894       0xec /home/sebokb/STM32Toolchain/gnu-arm/bin/../lib/gcc/arm-none-eabi/6.2.1/../../../../arm-none-eabi/lib/thumb/v7e-m/libg_nano.a(lib_a-nano-vfprintf_i.o)
                0x0000000008001894                _printf_common
 .text._printf_i
                0x0000000008001980      0x240 /home/sebokb/STM32Toolchain/gnu-arm/bin/../lib/gcc/arm-none-eabi/6.2.1/../../../../arm-none-eabi/lib/thumb/v7e-m/libg_nano.a(lib_a-nano-vfprintf_i.o)
                0x0000000008001980                _printf_i
 .text          0x0000000008001bc0       0xa0 /home/sebokb/STM32Toolchain/gnu-arm/bin/../lib/gcc/arm-none-eabi/6.2.1/../../../../arm-none-eabi/lib/thumb/v7e-m/libg_nano.a(lib_a-memchr.o)
                0x0000000008001bc0                memchr
 .text.memcpy   0x0000000008001c60       0x16 /home/sebokb/STM32Toolchain/gnu-arm/bin/../lib/gcc/arm-none-eabi/6.2.1/../../../../arm-none-eabi/lib/thumb/v7e-m/libg_nano.a(lib_a-memcpy-stub.o)
                0x0000000008001c60                memcpy
 .text.memmove  0x0000000008001c76       0x34 /home/sebokb/STM32Toolchain/gnu-arm/bin/../lib/gcc/arm-none-eabi/6.2.1/../../../../arm-none-eabi/lib/thumb/v7e-m/libg_nano.a(lib_a-memmove.o)
                0x0000000008001c76                memmove
 *fill*         0x0000000008001caa        0x2 
 .text._free_r  0x0000000008001cac       0x9c /home/sebokb/STM32Toolchain/gnu-arm/bin/../lib/gcc/arm-none-eabi/6.2.1/../../../../arm-none-eabi/lib/thumb/v7e-m/libg_nano.a(lib_a-nano-freer.o)
                0x0000000008001cac                _free_r
 .text._malloc_r
                0x0000000008001d48       0xbc /home/sebokb/STM32Toolchain/gnu-arm/bin/../lib/gcc/arm-none-eabi/6.2.1/../../../../arm-none-eabi/lib/thumb/v7e-m/libg_nano.a(lib_a-nano-mallocr.o)
                0x0000000008001d48                _malloc_r
 .text._realloc_r
                0x0000000008001e04       0x4c /home/sebokb/STM32Toolchain/gnu-arm/bin/../lib/gcc/arm-none-eabi/6.2.1/../../../../arm-none-eabi/lib/thumb/v7e-m/libg_nano.a(lib_a-nano-reallocr.o)
                0x0000000008001e04                _realloc_r
 .text._sbrk_r  0x0000000008001e50       0x20 /home/sebokb/STM32Toolchain/gnu-arm/bin/../lib/gcc/arm-none-eabi/6.2.1/../../../../arm-none-eabi/lib/thumb/v7e-m/libg_nano.a(lib_a-sbrkr.o)
                0x0000000008001e50                _sbrk_r
 .text.__malloc_lock
                0x0000000008001e70        0x2 /home/sebokb/STM32Toolchain/gnu-arm/bin/../lib/gcc/arm-none-eabi/6.2.1/../../../../arm-none-eabi/lib/thumb/v7e-m/libg_nano.a(lib_a-mlock.o)
                0x0000000008001e70                __malloc_lock
 .text.__malloc_unlock
                0x0000000008001e72        0x2 /home/sebokb/STM32Toolchain/gnu-arm/bin/../lib/gcc/arm-none-eabi/6.2.1/../../../../arm-none-eabi/lib/thumb/v7e-m/libg_nano.a(lib_a-mlock.o)
                0x0000000008001e72                __malloc_unlock
 .text._malloc_usable_size_r
                0x0000000008001e74       0x12 /home/sebokb/STM32Toolchain/gnu-arm/bin/../lib/gcc/arm-none-eabi/6.2.1/../../../../arm-none-eabi/lib/thumb/v7e-m/libg_nano.a(lib_a-nano-msizer.o)
                0x0000000008001e74                _malloc_usable_size_r
 *(.rodata .rodata.* .constdata .constdata.*)
 *fill*         0x0000000008001e86        0x2 
 .rodata.HAL_NVIC_SetPriorityGrouping.str1.4
                0x0000000008001e88       0x31 ./system/src/stm32f4-hal/stm32f4xx_hal_cortex.o
 *fill*         0x0000000008001eb9        0x3 
 .rodata.HAL_GPIO_Init.str1.4
                0x0000000008001ebc       0x2f ./system/src/stm32f4-hal/stm32f4xx_hal_gpio.o
 *fill*         0x0000000008001eeb        0x1 
 .rodata.APBAHBPrescTable
                0x0000000008001eec       0x10 ./system/src/stm32f4-hal/stm32f4xx_hal_rcc.o
                0x0000000008001eec                APBAHBPrescTable
 .rodata.HAL_RCC_OscConfig.str1.4
                0x0000000008001efc       0x2e ./system/src/stm32f4-hal/stm32f4xx_hal_rcc.o
 .rodata.trace_puts.str1.4
                0x0000000008001f2a       0x2e ./system/src/diag/Trace.o
                                          0x2 (size before relaxing)
 *fill*         0x0000000008001f2a        0x2 
 .rodata.dumpExceptionStack.str1.4
                0x0000000008001f2c      0x11a ./system/src/cortexm/exception_handlers.o
 *fill*         0x0000000008002046        0x2 
 .rodata.str1.4
                0x0000000008002048       0x2a ./system/src/cortexm/exception_handlers.o
 *fill*         0x0000000008002072        0x2 
 .rodata.main.str1.4
                0x0000000008002074       0x8c ./src/main.o
                                         0x8b (size before relaxing)
 .rodata.AHBPrescTable
                0x0000000008002100       0x10 ./src/system_stm32f4xx.o
                0x0000000008002100                AHBPrescTable
 .rodata._svfprintf_r.str1.1
                0x0000000008002110       0x11 /home/sebokb/STM32Toolchain/gnu-arm/bin/../lib/gcc/arm-none-eabi/6.2.1/../../../../arm-none-eabi/lib/thumb/v7e-m/libg_nano.a(lib_a-nano-svfprintf.o)
 .rodata._printf_i.str1.1
                0x0000000008002121       0x22 /home/sebokb/STM32Toolchain/gnu-arm/bin/../lib/gcc/arm-none-eabi/6.2.1/../../../../arm-none-eabi/lib/thumb/v7e-m/libg_nano.a(lib_a-nano-vfprintf_i.o)
 *(vtable)
 *(.eh_frame*)
 *(.glue_7)
 .glue_7        0x0000000008002143        0x0 linker stubs
 *(.glue_7t)
 .glue_7t       0x0000000008002143        0x0 linker stubs

.vfp11_veneer   0x0000000008002144        0x0
 .vfp11_veneer  0x0000000008002144        0x0 linker stubs

.v4_bx          0x0000000008002144        0x0
 .v4_bx         0x0000000008002144        0x0 linker stubs

.iplt           0x0000000008002144        0x0
 .iplt          0x0000000008002144        0x0 ./system/src/stm32f4-hal/stm32f4xx_hal.o

.rel.dyn        0x0000000008002144        0x0
 .rel.iplt      0x0000000008002144        0x0 ./system/src/stm32f4-hal/stm32f4xx_hal.o

.ARM.extab
 *(.ARM.extab* .gnu.linkonce.armextab.*)
                0x0000000008002144                . = ALIGN (0x4)
                0x0000000008002144                __exidx_start = .

.ARM.exidx
 *(.ARM.exidx* .gnu.linkonce.armexidx.*)
                0x0000000008002144                __exidx_end = .
                0x0000000008002144                . = ALIGN (0x4)
                0x0000000008002144                _etext = .
                0x0000000008002144                __etext = .

.data_CCMRAM    0x0000000010000000        0x0 load address 0x0000000008002144
 FILL mask 0xff
 *(.data.CCMRAM .data.CCMRAM.*)
                0x0000000010000000                . = ALIGN (0x4)
                0x0000000008002144                _sidata = LOADADDR (.data)

.data           0x0000000020000000       0x78 load address 0x0000000008002144
 FILL mask 0xff
                0x0000000020000000                _sdata = .
                0x0000000020000000                __data_start__ = .
 *(.data_begin .data_begin.*)
 .data_begin    0x0000000020000000        0x4 ./system/src/newlib/_startup.o
 *(.data .data.*)
 .data.argv.4243
                0x0000000020000004        0x8 ./system/src/newlib/_syscalls.o
 .data.SystemCoreClock
                0x000000002000000c        0x4 ./src/system_stm32f4xx.o
                0x000000002000000c                SystemCoreClock
 .data._impure_ptr
                0x0000000020000010        0x4 /home/sebokb/STM32Toolchain/gnu-arm/bin/../lib/gcc/arm-none-eabi/6.2.1/../../../../arm-none-eabi/lib/thumb/v7e-m/libg_nano.a(lib_a-impure.o)
                0x0000000020000010                _impure_ptr
 .data.impure_data
                0x0000000020000014       0x60 /home/sebokb/STM32Toolchain/gnu-arm/bin/../lib/gcc/arm-none-eabi/6.2.1/../../../../arm-none-eabi/lib/thumb/v7e-m/libg_nano.a(lib_a-impure.o)
 *(.data_end .data_end.*)
 .data_end      0x0000000020000074        0x4 ./system/src/newlib/_startup.o
                0x0000000020000078                . = ALIGN (0x4)
                0x0000000020000078                _edata = .
                0x0000000020000078                __data_end__ = .

.igot.plt       0x0000000020000078        0x0 load address 0x00000000080021bc
 .igot.plt      0x0000000020000078        0x0 ./system/src/stm32f4-hal/stm32f4xx_hal.o

.bss_CCMRAM     0x0000000010000000        0x0
 *(.bss.CCMRAM .bss.CCMRAM.*)

.bss            0x0000000020000078       0xa0
                0x0000000020000078                __bss_start__ = .
                0x0000000020000078                _sbss = .
 *(.bss_begin .bss_begin.*)
 .bss_begin     0x0000000020000078        0x4 ./system/src/newlib/_startup.o
 *(.bss .bss.*)
 .bss.current_heap_end.3927
                0x000000002000007c        0x4 ./system/src/newlib/_sbrk.o
 .bss.name.4242
                0x0000000020000080        0x1 ./system/src/newlib/_syscalls.o
 *fill*         0x0000000020000081        0x3 
 .bss.buf.5132  0x0000000020000084       0x80 ./system/src/diag/Trace.o
 .bss.__malloc_free_list
                0x0000000020000104        0x4 /home/sebokb/STM32Toolchain/gnu-arm/bin/../lib/gcc/arm-none-eabi/6.2.1/../../../../arm-none-eabi/lib/thumb/v7e-m/libg_nano.a(lib_a-nano-mallocr.o)
                0x0000000020000104                __malloc_free_list
 .bss.__malloc_sbrk_start
                0x0000000020000108        0x4 /home/sebokb/STM32Toolchain/gnu-arm/bin/../lib/gcc/arm-none-eabi/6.2.1/../../../../arm-none-eabi/lib/thumb/v7e-m/libg_nano.a(lib_a-nano-mallocr.o)
                0x0000000020000108                __malloc_sbrk_start
 *(COMMON)
 COMMON         0x000000002000010c        0x4 ./system/src/stm32f4-hal/stm32f4xx_hal.o
                0x000000002000010c                uwTick
 COMMON         0x0000000020000110        0x4 ./system/src/newlib/_syscalls.o
                0x0000000020000110                errno
 *(.bss_end .bss_end.*)
 .bss_end       0x0000000020000114        0x4 ./system/src/newlib/_startup.o
                0x0000000020000118                . = ALIGN (0x4)
                0x0000000020000118                __bss_end__ = .
                0x0000000020000118                _ebss = .

.noinit_CCMRAM
 *(.noinit.CCMRAM .noinit.CCMRAM.*)

.noinit         0x0000000020000118        0x0
                0x0000000020000118                _noinit = .
 *(.noinit .noinit.*)
                0x0000000020000118                . = ALIGN (0x4)
                0x0000000020000118                _end_noinit = .
                [!provide]                        PROVIDE (end, _end_noinit)
                [!provide]                        PROVIDE (_end, _end_noinit)
                [!provide]                        PROVIDE (__end, _end_noinit)
                [!provide]                        PROVIDE (__end__, _end_noinit)

._check_stack   0x0000000020000118      0x100
                0x0000000020000218                . = (. + _Minimum_Stack_Size)
 *fill*         0x0000000020000118      0x100 

.b1text
 *(.b1text)
 *(.b1rodata)
 *(.b1rodata.*)

.eb0text
 *(.eb0text)
 *(.eb0rodata)
 *(.eb0rodata.*)

.eb1text
 *(.eb1text)
 *(.eb1rodata)
 *(.eb1rodata.*)

.eb2text
 *(.eb2text)
 *(.eb2rodata)
 *(.eb2rodata.*)

.eb3text
 *(.eb3text)
 *(.eb3rodata)
 *(.eb3rodata.*)

.stab
 *(.stab)

.stabstr
 *(.stabstr)

.stab.excl
 *(.stab.excl)

.stab.exclstr
 *(.stab.exclstr)

.stab.index
 *(.stab.index)

.stab.indexstr
 *(.stab.indexstr)

.comment        0x0000000000000000       0x6e
 *(.comment)
 .comment       0x0000000000000000       0x6e ./system/src/stm32f4-hal/stm32f4xx_hal.o
                                         0x6f (size before relaxing)
 .comment       0x000000000000006e       0x6f ./system/src/stm32f4-hal/stm32f4xx_hal_cortex.o
 .comment       0x000000000000006e       0x6f ./system/src/stm32f4-hal/stm32f4xx_hal_gpio.o
 .comment       0x000000000000006e       0x6f ./system/src/stm32f4-hal/stm32f4xx_hal_rcc.o
 .comment       0x000000000000006e       0x6f ./system/src/newlib/_exit.o
 .comment       0x000000000000006e       0x6f ./system/src/newlib/_sbrk.o
 .comment       0x000000000000006e       0x6f ./system/src/newlib/_startup.o
 .comment       0x000000000000006e       0x6f ./system/src/newlib/_syscalls.o
 .comment       0x000000000000006e       0x6f ./system/src/diag/Trace.o
 .comment       0x000000000000006e       0x6f ./system/src/diag/trace_impl.o
 .comment       0x000000000000006e       0x6f ./system/src/cortexm/_initialize_hardware.o
 .comment       0x000000000000006e       0x6f ./system/src/cortexm/exception_handlers.o
 .comment       0x000000000000006e       0x6f ./system/src/cmsis/vectors_stm32f411xe.o
 .comment       0x000000000000006e       0x6f ./src/_initialize_hardware.o
 .comment       0x000000000000006e       0x6f ./src/main.o
 .comment       0x000000000000006e       0x6f ./src/stm32f4xx_hal_msp.o
 .comment       0x000000000000006e       0x6f ./src/stm32f4xx_it.o
 .comment       0x000000000000006e       0x6f ./src/system_stm32f4xx.o

.ARM.attributes
                0x0000000000000000       0x31
 .ARM.attributes
                0x0000000000000000       0x33 ./system/src/stm32f4-hal/stm32f4xx_hal.o
 .ARM.attributes
                0x0000000000000033       0x33 ./system/src/stm32f4-hal/stm32f4xx_hal_cortex.o
 .ARM.attributes
                0x0000000000000066       0x33 ./system/src/stm32f4-hal/stm32f4xx_hal_gpio.o
 .ARM.attributes
                0x0000000000000099       0x33 ./system/src/stm32f4-hal/stm32f4xx_hal_rcc.o
 .ARM.attributes
                0x00000000000000cc       0x33 ./system/src/newlib/_exit.o
 .ARM.attributes
                0x00000000000000ff       0x33 ./system/src/newlib/_sbrk.o
 .ARM.attributes
                0x0000000000000132       0x33 ./system/src/newlib/_startup.o
 .ARM.attributes
                0x0000000000000165       0x33 ./system/src/newlib/_syscalls.o
 .ARM.attributes
                0x0000000000000198       0x33 ./system/src/diag/Trace.o
 .ARM.attributes
                0x00000000000001cb       0x33 ./system/src/diag/trace_impl.o
 .ARM.attributes
                0x00000000000001fe       0x33 ./system/src/cortexm/_initialize_hardware.o
 .ARM.attributes
                0x0000000000000231       0x33 ./system/src/cortexm/exception_handlers.o
 .ARM.attributes
                0x0000000000000264       0x33 ./system/src/cmsis/vectors_stm32f411xe.o
 .ARM.attributes
                0x0000000000000297       0x33 ./src/_initialize_hardware.o
 .ARM.attributes
                0x00000000000002ca       0x33 ./src/main.o
 .ARM.attributes
                0x00000000000002fd       0x33 ./src/stm32f4xx_hal_msp.o
 .ARM.attributes
                0x0000000000000330       0x33 ./src/stm32f4xx_it.o
 .ARM.attributes
                0x0000000000000363       0x33 ./src/system_stm32f4xx.o
 .ARM.attributes
                0x0000000000000396       0x2e /home/sebokb/STM32Toolchain/gnu-arm/bin/../lib/gcc/arm-none-eabi/6.2.1/../../../../arm-none-eabi/lib/thumb/v7e-m/libg_nano.a(lib_a-errno.o)
 .ARM.attributes
                0x00000000000003c4       0x2e /home/sebokb/STM32Toolchain/gnu-arm/bin/../lib/gcc/arm-none-eabi/6.2.1/../../../../arm-none-eabi/lib/thumb/v7e-m/libg_nano.a(lib_a-impure.o)
 .ARM.attributes
                0x00000000000003f2       0x17 /home/sebokb/STM32Toolchain/gnu-arm/bin/../lib/gcc/arm-none-eabi/6.2.1/../../../../arm-none-eabi/lib/thumb/v7e-m/libg_nano.a(lib_a-strlen.o)
 .ARM.attributes
                0x0000000000000409       0x2e /home/sebokb/STM32Toolchain/gnu-arm/bin/../lib/gcc/arm-none-eabi/6.2.1/../../../../arm-none-eabi/lib/thumb/v7e-m/libg_nano.a(lib_a-vsnprintf.o)
 .ARM.attributes
                0x0000000000000437       0x2e /home/sebokb/STM32Toolchain/gnu-arm/bin/../lib/gcc/arm-none-eabi/6.2.1/../../../../arm-none-eabi/lib/thumb/v7e-m/libg_nano.a(lib_a-nano-svfprintf.o)
 .ARM.attributes
                0x0000000000000465       0x2e /home/sebokb/STM32Toolchain/gnu-arm/bin/../lib/gcc/arm-none-eabi/6.2.1/../../../../arm-none-eabi/lib/thumb/v7e-m/libg_nano.a(lib_a-nano-vfprintf_i.o)
 .ARM.attributes
                0x0000000000000493       0x1c /home/sebokb/STM32Toolchain/gnu-arm/bin/../lib/gcc/arm-none-eabi/6.2.1/../../../../arm-none-eabi/lib/thumb/v7e-m/libg_nano.a(lib_a-memchr.o)
 .ARM.attributes
                0x00000000000004af       0x2e /home/sebokb/STM32Toolchain/gnu-arm/bin/../lib/gcc/arm-none-eabi/6.2.1/../../../../arm-none-eabi/lib/thumb/v7e-m/libg_nano.a(lib_a-memcpy-stub.o)
 .ARM.attributes
                0x00000000000004dd       0x2e /home/sebokb/STM32Toolchain/gnu-arm/bin/../lib/gcc/arm-none-eabi/6.2.1/../../../../arm-none-eabi/lib/thumb/v7e-m/libg_nano.a(lib_a-memmove.o)
 .ARM.attributes
                0x000000000000050b       0x2e /home/sebokb/STM32Toolchain/gnu-arm/bin/../lib/gcc/arm-none-eabi/6.2.1/../../../../arm-none-eabi/lib/thumb/v7e-m/libg_nano.a(lib_a-nano-freer.o)
 .ARM.attributes
                0x0000000000000539       0x2e /home/sebokb/STM32Toolchain/gnu-arm/bin/../lib/gcc/arm-none-eabi/6.2.1/../../../../arm-none-eabi/lib/thumb/v7e-m/libg_nano.a(lib_a-nano-mallocr.o)
 .ARM.attributes
                0x0000000000000567       0x2e /home/sebokb/STM32Toolchain/gnu-arm/bin/../lib/gcc/arm-none-eabi/6.2.1/../../../../arm-none-eabi/lib/thumb/v7e-m/libg_nano.a(lib_a-nano-reallocr.o)
 .ARM.attributes
                0x0000000000000595       0x2e /home/sebokb/STM32Toolchain/gnu-arm/bin/../lib/gcc/arm-none-eabi/6.2.1/../../../../arm-none-eabi/lib/thumb/v7e-m/libg_nano.a(lib_a-sbrkr.o)
 .ARM.attributes
                0x00000000000005c3       0x2e /home/sebokb/STM32Toolchain/gnu-arm/bin/../lib/gcc/arm-none-eabi/6.2.1/../../../../arm-none-eabi/lib/thumb/v7e-m/libg_nano.a(lib_a-mlock.o)
 .ARM.attributes
                0x00000000000005f1       0x2e /home/sebokb/STM32Toolchain/gnu-arm/bin/../lib/gcc/arm-none-eabi/6.2.1/../../../../arm-none-eabi/lib/thumb/v7e-m/libg_nano.a(lib_a-nano-msizer.o)

.debug
 *(.debug)

.line
 *(.line)

.debug_srcinfo
 *(.debug_srcinfo)

.debug_sfnames
 *(.debug_sfnames)

.debug_aranges  0x0000000000000000      0x510
 *(.debug_aranges)
 .debug_aranges
                0x0000000000000000       0xc0 ./system/src/stm32f4-hal/stm32f4xx_hal.o
 .debug_aranges
                0x00000000000000c0       0x98 ./system/src/stm32f4-hal/stm32f4xx_hal_cortex.o
 .debug_aranges
                0x0000000000000158       0x58 ./system/src/stm32f4-hal/stm32f4xx_hal_gpio.o
 .debug_aranges
                0x00000000000001b0       0x88 ./system/src/stm32f4-hal/stm32f4xx_hal_rcc.o
 .debug_aranges
                0x0000000000000238       0x28 ./system/src/newlib/_exit.o
 .debug_aranges
                0x0000000000000260       0x20 ./system/src/newlib/_sbrk.o
 .debug_aranges
                0x0000000000000280       0x40 ./system/src/newlib/_startup.o
 .debug_aranges
                0x00000000000002c0       0x30 ./system/src/newlib/_syscalls.o
 .debug_aranges
                0x00000000000002f0       0x38 ./system/src/diag/Trace.o
 .debug_aranges
                0x0000000000000328       0x30 ./system/src/diag/trace_impl.o
 .debug_aranges
                0x0000000000000358       0x28 ./system/src/cortexm/_initialize_hardware.o
 .debug_aranges
                0x0000000000000380       0x90 ./system/src/cortexm/exception_handlers.o
 .debug_aranges
                0x0000000000000410       0x20 ./system/src/cmsis/vectors_stm32f411xe.o
 .debug_aranges
                0x0000000000000430       0x28 ./src/_initialize_hardware.o
 .debug_aranges
                0x0000000000000458       0x40 ./src/main.o
 .debug_aranges
                0x0000000000000498       0x20 ./src/stm32f4xx_hal_msp.o
 .debug_aranges
                0x00000000000004b8       0x30 ./src/stm32f4xx_it.o
 .debug_aranges
                0x00000000000004e8       0x28 ./src/system_stm32f4xx.o

.debug_pubnames
 *(.debug_pubnames)

.debug_info     0x0000000000000000     0xe784
 *(.debug_info .gnu.linkonce.wi.*)
 .debug_info    0x0000000000000000     0x107d ./system/src/stm32f4-hal/stm32f4xx_hal.o
 .debug_info    0x000000000000107d     0x1863 ./system/src/stm32f4-hal/stm32f4xx_hal_cortex.o
 .debug_info    0x00000000000028e0     0x10b1 ./system/src/stm32f4-hal/stm32f4xx_hal_gpio.o
 .debug_info    0x0000000000003991     0x1777 ./system/src/stm32f4-hal/stm32f4xx_hal_rcc.o
 .debug_info    0x0000000000005108      0x952 ./system/src/newlib/_exit.o
 .debug_info    0x0000000000005a5a      0x93e ./system/src/newlib/_sbrk.o
 .debug_info    0x0000000000006398      0x4c7 ./system/src/newlib/_startup.o
 .debug_info    0x000000000000685f      0xa15 ./system/src/newlib/_syscalls.o
 .debug_info    0x0000000000007274      0xb26 ./system/src/diag/Trace.o
 .debug_info    0x0000000000007d9a      0xb69 ./system/src/diag/trace_impl.o
 .debug_info    0x0000000000008903      0xada ./system/src/cortexm/_initialize_hardware.o
 .debug_info    0x00000000000093dd     0x1155 ./system/src/cortexm/exception_handlers.o
 .debug_info    0x000000000000a532       0xd1 ./system/src/cmsis/vectors_stm32f411xe.o
 .debug_info    0x000000000000a603      0xd30 ./src/_initialize_hardware.o
 .debug_info    0x000000000000b333     0x12a0 ./src/main.o
 .debug_info    0x000000000000c5d3      0xb69 ./src/stm32f4xx_hal_msp.o
 .debug_info    0x000000000000d13c      0x928 ./src/stm32f4xx_it.o
 .debug_info    0x000000000000da64      0xd20 ./src/system_stm32f4xx.o

.debug_abbrev   0x0000000000000000     0x2b8a
 *(.debug_abbrev)
 .debug_abbrev  0x0000000000000000      0x329 ./system/src/stm32f4-hal/stm32f4xx_hal.o
 .debug_abbrev  0x0000000000000329      0x3ef ./system/src/stm32f4-hal/stm32f4xx_hal_cortex.o
 .debug_abbrev  0x0000000000000718      0x2dc ./system/src/stm32f4-hal/stm32f4xx_hal_gpio.o
 .debug_abbrev  0x00000000000009f4      0x392 ./system/src/stm32f4-hal/stm32f4xx_hal_rcc.o
 .debug_abbrev  0x0000000000000d86      0x1f3 ./system/src/newlib/_exit.o
 .debug_abbrev  0x0000000000000f79      0x1fc ./system/src/newlib/_sbrk.o
 .debug_abbrev  0x0000000000001175      0x1e2 ./system/src/newlib/_startup.o
 .debug_abbrev  0x0000000000001357      0x234 ./system/src/newlib/_syscalls.o
 .debug_abbrev  0x000000000000158b      0x276 ./system/src/diag/Trace.o
 .debug_abbrev  0x0000000000001801      0x2e0 ./system/src/diag/trace_impl.o
 .debug_abbrev  0x0000000000001ae1      0x1de ./system/src/cortexm/_initialize_hardware.o
 .debug_abbrev  0x0000000000001cbf      0x329 ./system/src/cortexm/exception_handlers.o
 .debug_abbrev  0x0000000000001fe8       0x9d ./system/src/cmsis/vectors_stm32f411xe.o
 .debug_abbrev  0x0000000000002085      0x22d ./src/_initialize_hardware.o
 .debug_abbrev  0x00000000000022b2      0x2c1 ./src/main.o
 .debug_abbrev  0x0000000000002573      0x209 ./src/stm32f4xx_hal_msp.o
 .debug_abbrev  0x000000000000277c      0x1f8 ./src/stm32f4xx_it.o
 .debug_abbrev  0x0000000000002974      0x216 ./src/system_stm32f4xx.o

.debug_line     0x0000000000000000     0x5eed
 *(.debug_line)
 .debug_line    0x0000000000000000      0x6df ./system/src/stm32f4-hal/stm32f4xx_hal.o
 .debug_line    0x00000000000006df      0x7df ./system/src/stm32f4-hal/stm32f4xx_hal_cortex.o
 .debug_line    0x0000000000000ebe      0x7b6 ./system/src/stm32f4-hal/stm32f4xx_hal_gpio.o
 .debug_line    0x0000000000001674      0x960 ./system/src/stm32f4-hal/stm32f4xx_hal_rcc.o
 .debug_line    0x0000000000001fd4      0x2fb ./system/src/newlib/_exit.o
 .debug_line    0x00000000000022cf      0x2b0 ./system/src/newlib/_sbrk.o
 .debug_line    0x000000000000257f      0x378 ./system/src/newlib/_startup.o
 .debug_line    0x00000000000028f7      0x3b3 ./system/src/newlib/_syscalls.o
 .debug_line    0x0000000000002caa      0x367 ./system/src/diag/Trace.o
 .debug_line    0x0000000000003011      0x61a ./system/src/diag/trace_impl.o
 .debug_line    0x000000000000362b      0x583 ./system/src/cortexm/_initialize_hardware.o
 .debug_line    0x0000000000003bae      0x6c6 ./system/src/cortexm/exception_handlers.o
 .debug_line    0x0000000000004274       0xf0 ./system/src/cmsis/vectors_stm32f411xe.o
 .debug_line    0x0000000000004364      0x57e ./src/_initialize_hardware.o
 .debug_line    0x00000000000048e2      0x5bd ./src/main.o
 .debug_line    0x0000000000004e9f      0x554 ./src/stm32f4xx_hal_msp.o
 .debug_line    0x00000000000053f3      0x57c ./src/stm32f4xx_it.o
 .debug_line    0x000000000000596f      0x57e ./src/system_stm32f4xx.o

.debug_frame    0x0000000000000000      0xd58
 *(.debug_frame)
 .debug_frame   0x0000000000000000      0x188 ./system/src/stm32f4-hal/stm32f4xx_hal.o
 .debug_frame   0x0000000000000188      0x17c ./system/src/stm32f4-hal/stm32f4xx_hal_cortex.o
 .debug_frame   0x0000000000000304       0xfc ./system/src/stm32f4-hal/stm32f4xx_hal_gpio.o
 .debug_frame   0x0000000000000400      0x140 ./system/src/stm32f4-hal/stm32f4xx_hal_rcc.o
 .debug_frame   0x0000000000000540       0x38 ./system/src/newlib/_exit.o
 .debug_frame   0x0000000000000578       0x28 ./system/src/newlib/_sbrk.o
 .debug_frame   0x00000000000005a0       0x7c ./system/src/newlib/_startup.o
 .debug_frame   0x000000000000061c       0x50 ./system/src/newlib/_syscalls.o
 .debug_frame   0x000000000000066c       0x94 ./system/src/diag/Trace.o
 .debug_frame   0x0000000000000700       0x64 ./system/src/diag/trace_impl.o
 .debug_frame   0x0000000000000764       0x40 ./system/src/cortexm/_initialize_hardware.o
 .debug_frame   0x00000000000007a4      0x158 ./system/src/cortexm/exception_handlers.o
 .debug_frame   0x00000000000008fc       0x20 ./system/src/cmsis/vectors_stm32f411xe.o
 .debug_frame   0x000000000000091c       0x4c ./src/_initialize_hardware.o
 .debug_frame   0x0000000000000968       0x88 ./src/main.o
 .debug_frame   0x00000000000009f0       0x28 ./src/stm32f4xx_hal_msp.o
 .debug_frame   0x0000000000000a18       0x48 ./src/stm32f4xx_it.o
 .debug_frame   0x0000000000000a60       0x30 ./src/system_stm32f4xx.o
 .debug_frame   0x0000000000000a90       0x20 /home/sebokb/STM32Toolchain/gnu-arm/bin/../lib/gcc/arm-none-eabi/6.2.1/../../../../arm-none-eabi/lib/thumb/v7e-m/libg_nano.a(lib_a-errno.o)
 .debug_frame   0x0000000000000ab0       0x4c /home/sebokb/STM32Toolchain/gnu-arm/bin/../lib/gcc/arm-none-eabi/6.2.1/../../../../arm-none-eabi/lib/thumb/v7e-m/libg_nano.a(lib_a-vsnprintf.o)
 .debug_frame   0x0000000000000afc       0x90 /home/sebokb/STM32Toolchain/gnu-arm/bin/../lib/gcc/arm-none-eabi/6.2.1/../../../../arm-none-eabi/lib/thumb/v7e-m/libg_nano.a(lib_a-nano-svfprintf.o)
 .debug_frame   0x0000000000000b8c       0x60 /home/sebokb/STM32Toolchain/gnu-arm/bin/../lib/gcc/arm-none-eabi/6.2.1/../../../../arm-none-eabi/lib/thumb/v7e-m/libg_nano.a(lib_a-nano-vfprintf_i.o)
 .debug_frame   0x0000000000000bec       0x28 /home/sebokb/STM32Toolchain/gnu-arm/bin/../lib/gcc/arm-none-eabi/6.2.1/../../../../arm-none-eabi/lib/thumb/v7e-m/libg_nano.a(lib_a-memcpy-stub.o)
 .debug_frame   0x0000000000000c14       0x28 /home/sebokb/STM32Toolchain/gnu-arm/bin/../lib/gcc/arm-none-eabi/6.2.1/../../../../arm-none-eabi/lib/thumb/v7e-m/libg_nano.a(lib_a-memmove.o)
 .debug_frame   0x0000000000000c3c       0x38 /home/sebokb/STM32Toolchain/gnu-arm/bin/../lib/gcc/arm-none-eabi/6.2.1/../../../../arm-none-eabi/lib/thumb/v7e-m/libg_nano.a(lib_a-nano-freer.o)
 .debug_frame   0x0000000000000c74       0x2c /home/sebokb/STM32Toolchain/gnu-arm/bin/../lib/gcc/arm-none-eabi/6.2.1/../../../../arm-none-eabi/lib/thumb/v7e-m/libg_nano.a(lib_a-nano-mallocr.o)
 .debug_frame   0x0000000000000ca0       0x3c /home/sebokb/STM32Toolchain/gnu-arm/bin/../lib/gcc/arm-none-eabi/6.2.1/../../../../arm-none-eabi/lib/thumb/v7e-m/libg_nano.a(lib_a-nano-reallocr.o)
 .debug_frame   0x0000000000000cdc       0x2c /home/sebokb/STM32Toolchain/gnu-arm/bin/../lib/gcc/arm-none-eabi/6.2.1/../../../../arm-none-eabi/lib/thumb/v7e-m/libg_nano.a(lib_a-sbrkr.o)
 .debug_frame   0x0000000000000d08       0x30 /home/sebokb/STM32Toolchain/gnu-arm/bin/../lib/gcc/arm-none-eabi/6.2.1/../../../../arm-none-eabi/lib/thumb/v7e-m/libg_nano.a(lib_a-mlock.o)
 .debug_frame   0x0000000000000d38       0x20 /home/sebokb/STM32Toolchain/gnu-arm/bin/../lib/gcc/arm-none-eabi/6.2.1/../../../../arm-none-eabi/lib/thumb/v7e-m/libg_nano.a(lib_a-nano-msizer.o)

.debug_str      0x0000000000000000    0x5392a
 *(.debug_str)
 .debug_str     0x0000000000000000    0x50027 ./system/src/stm32f4-hal/stm32f4xx_hal.o
                                      0x5044d (size before relaxing)
 .debug_str     0x0000000000050027      0x39d ./system/src/stm32f4-hal/stm32f4xx_hal_cortex.o
                                      0x502b7 (size before relaxing)
 .debug_str     0x00000000000503c4      0x2dd ./system/src/stm32f4-hal/stm32f4xx_hal_gpio.o
                                      0x4fe37 (size before relaxing)
 .debug_str     0x00000000000506a1      0x393 ./system/src/stm32f4-hal/stm32f4xx_hal_rcc.o
                                      0x4ffc5 (size before relaxing)
 .debug_str     0x0000000000050a34     0x10e6 ./system/src/newlib/_exit.o
                                       0x73ba (size before relaxing)
 .debug_str     0x0000000000051b1a      0x4f5 ./system/src/newlib/_sbrk.o
                                       0x6785 (size before relaxing)
 .debug_str     0x000000000005200f      0x2c6 ./system/src/newlib/_startup.o
                                       0x5faa (size before relaxing)
 .debug_str     0x00000000000522d5      0xe2c ./system/src/newlib/_syscalls.o
                                       0x7601 (size before relaxing)
 .debug_str     0x0000000000053101      0x176 ./system/src/diag/Trace.o
                                       0x7ba0 (size before relaxing)
 .debug_str     0x0000000000053277      0x37b ./system/src/diag/trace_impl.o
                                      0x50d29 (size before relaxing)
 .debug_str     0x00000000000535f2       0x5e ./system/src/cortexm/_initialize_hardware.o
                                      0x4fad4 (size before relaxing)
 .debug_str     0x0000000000053650      0x19d ./system/src/cortexm/exception_handlers.o
                                      0x50eaa (size before relaxing)
 .debug_str     0x00000000000537ed       0x59 ./system/src/cmsis/vectors_stm32f411xe.o
                                       0x30fd (size before relaxing)
 .debug_str     0x0000000000053846       0x31 ./src/_initialize_hardware.o
                                      0x4fccb (size before relaxing)
 .debug_str     0x0000000000053877       0x29 ./src/main.o
                                      0x50166 (size before relaxing)
 .debug_str     0x00000000000538a0       0x1b ./src/stm32f4xx_hal_msp.o
                                      0x4fdb4 (size before relaxing)
 .debug_str     0x00000000000538bb       0x28 ./src/stm32f4xx_it.o
                                      0x4fa3b (size before relaxing)
 .debug_str     0x00000000000538e3       0x47 ./src/system_stm32f4xx.o
                                      0x4fbb6 (size before relaxing)

.debug_loc      0x0000000000000000     0x1bea
 *(.debug_loc)
 .debug_loc     0x0000000000000000       0x92 ./system/src/stm32f4-hal/stm32f4xx_hal.o
 .debug_loc     0x0000000000000092      0x73b ./system/src/stm32f4-hal/stm32f4xx_hal_cortex.o
 .debug_loc     0x00000000000007cd      0x5af ./system/src/stm32f4-hal/stm32f4xx_hal_gpio.o
 .debug_loc     0x0000000000000d7c      0x4cd ./system/src/stm32f4-hal/stm32f4xx_hal_rcc.o
 .debug_loc     0x0000000000001249       0x85 ./system/src/newlib/_sbrk.o
 .debug_loc     0x00000000000012ce      0x2d3 ./system/src/newlib/_startup.o
 .debug_loc     0x00000000000015a1       0x63 ./system/src/newlib/_syscalls.o
 .debug_loc     0x0000000000001604       0xf6 ./system/src/diag/Trace.o
 .debug_loc     0x00000000000016fa      0x121 ./system/src/diag/trace_impl.o
 .debug_loc     0x000000000000181b      0x291 ./system/src/cortexm/exception_handlers.o
 .debug_loc     0x0000000000001aac      0x13e ./src/system_stm32f4xx.o

.debug_macinfo
 *(.debug_macinfo)

.debug_weaknames
 *(.debug_weaknames)

.debug_funcnames
 *(.debug_funcnames)

.debug_typenames
 *(.debug_typenames)

.debug_varnames
 *(.debug_varnames)
OUTPUT(button_and_led.elf elf32-littlearm)

.debug_ranges   0x0000000000000000      0x4c8
 .debug_ranges  0x0000000000000000       0xb0 ./system/src/stm32f4-hal/stm32f4xx_hal.o
 .debug_ranges  0x00000000000000b0       0xe8 ./system/src/stm32f4-hal/stm32f4xx_hal_cortex.o
 .debug_ranges  0x0000000000000198       0x48 ./system/src/stm32f4-hal/stm32f4xx_hal_gpio.o
 .debug_ranges  0x00000000000001e0       0x78 ./system/src/stm32f4-hal/stm32f4xx_hal_rcc.o
 .debug_ranges  0x0000000000000258       0x18 ./system/src/newlib/_exit.o
 .debug_ranges  0x0000000000000270       0x10 ./system/src/newlib/_sbrk.o
 .debug_ranges  0x0000000000000280       0x90 ./system/src/newlib/_startup.o
 .debug_ranges  0x0000000000000310       0x20 ./system/src/newlib/_syscalls.o
 .debug_ranges  0x0000000000000330       0x28 ./system/src/diag/Trace.o
 .debug_ranges  0x0000000000000358       0x38 ./system/src/diag/trace_impl.o
 .debug_ranges  0x0000000000000390       0x18 ./system/src/cortexm/_initialize_hardware.o
 .debug_ranges  0x00000000000003a8       0x80 ./system/src/cortexm/exception_handlers.o
 .debug_ranges  0x0000000000000428       0x10 ./system/src/cmsis/vectors_stm32f411xe.o
 .debug_ranges  0x0000000000000438       0x18 ./src/_initialize_hardware.o
 .debug_ranges  0x0000000000000450       0x30 ./src/main.o
 .debug_ranges  0x0000000000000480       0x10 ./src/stm32f4xx_hal_msp.o
 .debug_ranges  0x0000000000000490       0x20 ./src/stm32f4xx_it.o
 .debug_ranges  0x00000000000004b0       0x18 ./src/system_stm32f4xx.o

.debug_macro    0x0000000000000000    0x10dc9
 .debug_macro   0x0000000000000000      0x32f ./system/src/stm32f4-hal/stm32f4xx_hal.o
 .debug_macro   0x000000000000032f      0x8c2 ./system/src/stm32f4-hal/stm32f4xx_hal.o
 .debug_macro   0x0000000000000bf1       0x5e ./system/src/stm32f4-hal/stm32f4xx_hal.o
 .debug_macro   0x0000000000000c4f      0x16d ./system/src/stm32f4-hal/stm32f4xx_hal.o
 .debug_macro   0x0000000000000dbc       0x31 ./system/src/stm32f4-hal/stm32f4xx_hal.o
 .debug_macro   0x0000000000000ded       0x28 ./system/src/stm32f4-hal/stm32f4xx_hal.o
 .debug_macro   0x0000000000000e15      0x34e ./system/src/stm32f4-hal/stm32f4xx_hal.o
 .debug_macro   0x0000000000001163       0x35 ./system/src/stm32f4-hal/stm32f4xx_hal.o
 .debug_macro   0x0000000000001198       0x50 ./system/src/stm32f4-hal/stm32f4xx_hal.o
 .debug_macro   0x00000000000011e8      0xe66 ./system/src/stm32f4-hal/stm32f4xx_hal.o
 .debug_macro   0x000000000000204e     0x5102 ./system/src/stm32f4-hal/stm32f4xx_hal.o
 .debug_macro   0x0000000000007150       0x43 ./system/src/stm32f4-hal/stm32f4xx_hal.o
 .debug_macro   0x0000000000007193     0x347f ./system/src/stm32f4-hal/stm32f4xx_hal.o
 .debug_macro   0x000000000000a612       0x22 ./system/src/stm32f4-hal/stm32f4xx_hal.o
 .debug_macro   0x000000000000a634       0x4c ./system/src/stm32f4-hal/stm32f4xx_hal.o
 .debug_macro   0x000000000000a680       0x8d ./system/src/stm32f4-hal/stm32f4xx_hal.o
 .debug_macro   0x000000000000a70d       0x35 ./system/src/stm32f4-hal/stm32f4xx_hal.o
 .debug_macro   0x000000000000a742       0x9c ./system/src/stm32f4-hal/stm32f4xx_hal.o
 .debug_macro   0x000000000000a7de       0x16 ./system/src/stm32f4-hal/stm32f4xx_hal.o
 .debug_macro   0x000000000000a7f4       0x57 ./system/src/stm32f4-hal/stm32f4xx_hal.o
 .debug_macro   0x000000000000a84b       0x97 ./system/src/stm32f4-hal/stm32f4xx_hal.o
 .debug_macro   0x000000000000a8e2      0x30d ./system/src/stm32f4-hal/stm32f4xx_hal.o
 .debug_macro   0x000000000000abef       0xfd ./system/src/stm32f4-hal/stm32f4xx_hal.o
 .debug_macro   0x000000000000acec       0x10 ./system/src/stm32f4-hal/stm32f4xx_hal.o
 .debug_macro   0x000000000000acfc       0x52 ./system/src/stm32f4-hal/stm32f4xx_hal.o
 .debug_macro   0x000000000000ad4e       0x1f ./system/src/stm32f4-hal/stm32f4xx_hal.o
 .debug_macro   0x000000000000ad6d       0x43 ./system/src/stm32f4-hal/stm32f4xx_hal.o
 .debug_macro   0x000000000000adb0       0x20 ./system/src/stm32f4-hal/stm32f4xx_hal.o
 .debug_macro   0x000000000000add0      0x187 ./system/src/stm32f4-hal/stm32f4xx_hal.o
 .debug_macro   0x000000000000af57       0x10 ./system/src/stm32f4-hal/stm32f4xx_hal.o
 .debug_macro   0x000000000000af67       0x6a ./system/src/stm32f4-hal/stm32f4xx_hal.o
 .debug_macro   0x000000000000afd1       0x1c ./system/src/stm32f4-hal/stm32f4xx_hal.o
 .debug_macro   0x000000000000afed       0x52 ./system/src/stm32f4-hal/stm32f4xx_hal.o
 .debug_macro   0x000000000000b03f       0x40 ./system/src/stm32f4-hal/stm32f4xx_hal.o
 .debug_macro   0x000000000000b07f       0x10 ./system/src/stm32f4-hal/stm32f4xx_hal.o
 .debug_macro   0x000000000000b08f       0x40 ./system/src/stm32f4-hal/stm32f4xx_hal.o
 .debug_macro   0x000000000000b0cf       0xd7 ./system/src/stm32f4-hal/stm32f4xx_hal.o
 .debug_macro   0x000000000000b1a6       0x16 ./system/src/stm32f4-hal/stm32f4xx_hal.o
 .debug_macro   0x000000000000b1bc      0x18b ./system/src/stm32f4-hal/stm32f4xx_hal.o
 .debug_macro   0x000000000000b347       0x57 ./system/src/stm32f4-hal/stm32f4xx_hal.o
 .debug_macro   0x000000000000b39e      0x45c ./system/src/stm32f4-hal/stm32f4xx_hal.o
 .debug_macro   0x000000000000b7fa      0x9e1 ./system/src/stm32f4-hal/stm32f4xx_hal.o
 .debug_macro   0x000000000000c1db      0x11e ./system/src/stm32f4-hal/stm32f4xx_hal.o
 .debug_macro   0x000000000000c2f9      0x11b ./system/src/stm32f4-hal/stm32f4xx_hal.o
 .debug_macro   0x000000000000c414       0x27 ./system/src/stm32f4-hal/stm32f4xx_hal.o
 .debug_macro   0x000000000000c43b      0x287 ./system/src/stm32f4-hal/stm32f4xx_hal.o
 .debug_macro   0x000000000000c6c2       0x5f ./system/src/stm32f4-hal/stm32f4xx_hal.o
 .debug_macro   0x000000000000c721      0x23a ./system/src/stm32f4-hal/stm32f4xx_hal.o
 .debug_macro   0x000000000000c95b      0x13a ./system/src/stm32f4-hal/stm32f4xx_hal.o
 .debug_macro   0x000000000000ca95      0x264 ./system/src/stm32f4-hal/stm32f4xx_hal.o
 .debug_macro   0x000000000000ccf9       0x2e ./system/src/stm32f4-hal/stm32f4xx_hal.o
 .debug_macro   0x000000000000cd27      0x11e ./system/src/stm32f4-hal/stm32f4xx_hal.o
 .debug_macro   0x000000000000ce45       0x85 ./system/src/stm32f4-hal/stm32f4xx_hal.o
 .debug_macro   0x000000000000ceca       0x89 ./system/src/stm32f4-hal/stm32f4xx_hal.o
 .debug_macro   0x000000000000cf53      0x11e ./system/src/stm32f4-hal/stm32f4xx_hal.o
 .debug_macro   0x000000000000d071      0x2e1 ./system/src/stm32f4-hal/stm32f4xx_hal_cortex.o
 .debug_macro   0x000000000000d352      0x319 ./system/src/stm32f4-hal/stm32f4xx_hal_gpio.o
 .debug_macro   0x000000000000d66b      0x30b ./system/src/stm32f4-hal/stm32f4xx_hal_rcc.o
 .debug_macro   0x000000000000d976      0x1a7 ./system/src/newlib/_exit.o
 .debug_macro   0x000000000000db1d      0x10e ./system/src/newlib/_exit.o
 .debug_macro   0x000000000000dc2b       0x8d ./system/src/newlib/_exit.o
 .debug_macro   0x000000000000dcb8       0x35 ./system/src/newlib/_exit.o
 .debug_macro   0x000000000000dced      0x15c ./system/src/newlib/_sbrk.o
 .debug_macro   0x000000000000de49      0x174 ./system/src/newlib/_sbrk.o
 .debug_macro   0x000000000000dfbd       0x10 ./system/src/newlib/_sbrk.o
 .debug_macro   0x000000000000dfcd      0x23b ./system/src/newlib/_sbrk.o
 .debug_macro   0x000000000000e208      0x166 ./system/src/newlib/_startup.o
 .debug_macro   0x000000000000e36e      0x8c8 ./system/src/newlib/_startup.o
 .debug_macro   0x000000000000ec36      0x20a ./system/src/newlib/_syscalls.o
 .debug_macro   0x000000000000ee40       0x1c ./system/src/newlib/_syscalls.o
 .debug_macro   0x000000000000ee5c       0x10 ./system/src/newlib/_syscalls.o
 .debug_macro   0x000000000000ee6c       0x10 ./system/src/newlib/_syscalls.o
 .debug_macro   0x000000000000ee7c       0x10 ./system/src/newlib/_syscalls.o
 .debug_macro   0x000000000000ee8c       0x35 ./system/src/newlib/_syscalls.o
 .debug_macro   0x000000000000eec1      0x122 ./system/src/newlib/_syscalls.o
 .debug_macro   0x000000000000efe3       0x88 ./system/src/newlib/_syscalls.o
 .debug_macro   0x000000000000f06b       0x2b ./system/src/newlib/_syscalls.o
 .debug_macro   0x000000000000f096      0x118 ./system/src/newlib/_syscalls.o
 .debug_macro   0x000000000000f1ae      0x159 ./system/src/newlib/_syscalls.o
 .debug_macro   0x000000000000f307       0x16 ./system/src/newlib/_syscalls.o
 .debug_macro   0x000000000000f31d      0x1e4 ./system/src/diag/Trace.o
 .debug_macro   0x000000000000f501       0x4c ./system/src/diag/Trace.o
 .debug_macro   0x000000000000f54d       0x16 ./system/src/diag/Trace.o
 .debug_macro   0x000000000000f563      0x327 ./system/src/diag/trace_impl.o
 .debug_macro   0x000000000000f88a       0x22 ./system/src/diag/trace_impl.o
 .debug_macro   0x000000000000f8ac      0x2eb ./system/src/cortexm/_initialize_hardware.o
 .debug_macro   0x000000000000fb97      0x34a ./system/src/cortexm/exception_handlers.o
 .debug_macro   0x000000000000fee1       0x3b ./system/src/cortexm/exception_handlers.o
 .debug_macro   0x000000000000ff1c       0x34 ./system/src/cmsis/vectors_stm32f411xe.o
 .debug_macro   0x000000000000ff50      0x2e1 ./src/_initialize_hardware.o
 .debug_macro   0x0000000000010231      0x2e5 ./src/main.o
 .debug_macro   0x0000000000010516      0x2e1 ./src/stm32f4xx_hal_msp.o
 .debug_macro   0x00000000000107f7      0x2eb ./src/stm32f4xx_it.o
 .debug_macro   0x0000000000010ae2      0x2e7 ./src/system_stm32f4xx.o
